// Jest Snapshot v1, https://goo.gl/fbAQLP

exports[`<Product /> When the component is mounted should render successfully 1`] = `
<styled.div>
  <styled.h3>
    test-label
  </styled.h3>
  <FieldRow
    info="(in %)"
    label="Interest rate"
  >
    <styled.input
      max={100}
      min={0}
      onChange={[Function]}
      type="number"
      value={3}
    />
  </FieldRow>
  <styled.table>
    <thead>
      <tr>
        <th>
          Repayment date
        </th>
        <th>
          Principal
        </th>
        <th>
          Interest
        </th>
        <th>
          Total repayment
        </th>
      </tr>
    </thead>
    <tbody>
      <tr
        key="tuple_0"
      >
        <td>
          04/02/2020
        </td>
        <td>
          2500.00
        </td>
        <td>
          1300.00
        </td>
        <td>
          3800.00
        </td>
      </tr>
      <tr
        key="tuple_1"
      >
        <td>
          05/02/2020
        </td>
        <td>
          2500.00
        </td>
        <td>
          225.00
        </td>
        <td>
          2725.00
        </td>
      </tr>
      <tr
        key="tuple_2"
      >
        <td>
          06/02/2020
        </td>
        <td>
          2500.00
        </td>
        <td>
          150.00
        </td>
        <td>
          2650.00
        </td>
      </tr>
      <tr
        key="tuple_3"
      >
        <td>
          07/02/2020
        </td>
        <td>
          2500.00
        </td>
        <td>
          75.00
        </td>
        <td>
          2575.00
        </td>
      </tr>
      <tr>
        <td>
          Total
        </td>
        <td>
          10000.00
        </td>
        <td>
          1750.00
        </td>
        <td>
          11750.00
        </td>
      </tr>
    </tbody>
  </styled.table>
</styled.div>
`;
