// Jest Snapshot v1, https://goo.gl/fbAQLP

exports[`<Field /> When the component is mounted should render successfully 1`] = `ShallowWrapper {}`;
